{
  "seq": 0,
  "type": "response",
  "command": "quickinfo",
  "request_seq": 4,
  "success": true,
  "body": {
    "kind": "let",
    "kindModifiers": "declare",
    "start": {
      "line": 1,
      "offset": 17
    },
    "end": {
      "line": 1,
      "offset": 21
    },
    "displayString": "let name: never",
    "documentation": "",
    "tags": []
  }
}